Doxygen version used: 1.9.8
Searching for include files...
Searching for files in directory /home/tommasomontedoro/CS01/qemu/include
Searching for example files...
Searching for images...
Searching for dot files...
Searching for msc files...
Searching for dia files...
Searching for files to exclude
Searching INPUT for files to process...
Reading and parsing tag files
Parsing files
Preprocessing /home/tommasomontedoro/CS01/qemu/hw/misc/s32k358_tpm.c...
Parsing file /home/tommasomontedoro/CS01/qemu/hw/misc/s32k358_tpm.c...
Preprocessing /home/tommasomontedoro/CS01/qemu/hw/misc/tpm_cmds.c...
Parsing file /home/tommasomontedoro/CS01/qemu/hw/misc/tpm_cmds.c...
Preprocessing /home/tommasomontedoro/CS01/qemu/hw/misc/tpm_load.c...
Parsing file /home/tommasomontedoro/CS01/qemu/hw/misc/tpm_load.c...
Preprocessing /home/tommasomontedoro/CS01/qemu/hw/misc/tpm_crypt.c...
Parsing file /home/tommasomontedoro/CS01/qemu/hw/misc/tpm_crypt.c...
Preprocessing /home/tommasomontedoro/CS01/qemu/hw/misc/tpm_marshal.c...
Parsing file /home/tommasomontedoro/CS01/qemu/hw/misc/tpm_marshal.c...
Preprocessing /home/tommasomontedoro/CS01/qemu/hw/misc/tpm_marshal_tpm.c...
Parsing file /home/tommasomontedoro/CS01/qemu/hw/misc/tpm_marshal_tpm.c...
Preprocessing /home/tommasomontedoro/CS01/qemu/hw/misc/tpm_auth.c...
Parsing file /home/tommasomontedoro/CS01/qemu/hw/misc/tpm_auth.c...
Preprocessing /home/tommasomontedoro/CS01/qemu/hw/misc/tpm_object.c...
Parsing file /home/tommasomontedoro/CS01/qemu/hw/misc/tpm_object.c...
Preprocessing /home/tommasomontedoro/CS01/qemu/hw/misc/tpm_drbg.c...
Parsing file /home/tommasomontedoro/CS01/qemu/hw/misc/tpm_drbg.c...
Preprocessing /home/tommasomontedoro/CS01/qemu/hw/misc/tpm_hierarchy.c...
Parsing file /home/tommasomontedoro/CS01/qemu/hw/misc/tpm_hierarchy.c...
Preprocessing /home/tommasomontedoro/CS01/qemu/hw/misc/tpm_ticket.c...
Parsing file /home/tommasomontedoro/CS01/qemu/hw/misc/tpm_ticket.c...
Preprocessing /home/tommasomontedoro/CS01/qemu/hw/misc/tpm_support.c...
Parsing file /home/tommasomontedoro/CS01/qemu/hw/misc/tpm_support.c...
Preprocessing /home/tommasomontedoro/CS01/qemu/hw/misc/tpm_util.c...
Parsing file /home/tommasomontedoro/CS01/qemu/hw/misc/tpm_util.c...
Preprocessing /home/tommasomontedoro/CS01/qemu/hw/misc/NvStorage.c...
Parsing file /home/tommasomontedoro/CS01/qemu/hw/misc/NvStorage.c...
Preprocessing /home/tommasomontedoro/CS01/qemu/hw/misc/tpm_state_machine.c...
Parsing file /home/tommasomontedoro/CS01/qemu/hw/misc/tpm_state_machine.c...
Preprocessing /home/tommasomontedoro/CS01/qemu/include/hw/misc/s32k358_tpm.h...
Parsing file /home/tommasomontedoro/CS01/qemu/include/hw/misc/s32k358_tpm.h...
Preprocessing /home/tommasomontedoro/CS01/qemu/hw/misc/tpm_crypt.h...
Parsing file /home/tommasomontedoro/CS01/qemu/hw/misc/tpm_crypt.h...
Preprocessing /home/tommasomontedoro/CS01/qemu/include/hw/misc/tpm_create_primary.h...
Parsing file /home/tommasomontedoro/CS01/qemu/include/hw/misc/tpm_create_primary.h...
Preprocessing /home/tommasomontedoro/CS01/qemu/include/hw/misc/tpm2_spec_protocol.h...
Parsing file /home/tommasomontedoro/CS01/qemu/include/hw/misc/tpm2_spec_protocol.h...
Reading /home/tommasomontedoro/CS01/qemu/README.md...
Building macro definition list...
Building group list...
Building directory list...
Building namespace list...
Building file list...
Building class list...
Building concept list...
Computing nesting relations for classes...
Associating documentation with classes...
Associating documentation with concepts...
Associating documentation with modules...
Building example list...
Searching for enumerations...
Searching for documented typedefs...
Searching for members imported via using declarations...
Searching for included using directives...
Searching for documented variables...
Building interface member list...
Building member list...
Searching for friends...
Searching for documented defines...
Computing class inheritance relations...
Computing class usage relations...
Flushing cached template relations that have become invalid...
Computing class relations...
Add enum values to enums...
Searching for member function documentation...
Creating members for template instances...
Building page list...
Search for main page...
Computing page relations...
Determining the scope of groups...
Computing module relations...
Sorting lists...
Determining which enums are documented
Computing member relations...
Building full member lists recursively...
Adding members to member groups.
Computing member references...
Inheriting documentation...
Generating disk names...
Adding source references...
Adding xrefitems...
Sorting member lists...
Setting anonymous enum type...
Computing dependencies between directories...
Generating citations page...
Counting members...
Counting data structures...
Resolving user defined references...
Finding anchors and sections in the documentation...
Transferring function references...
Combining using relations...
Adding members to index pages...
Correcting members for VHDL...
Computing tooltip texts...
Generating style sheet...
Generating search indices...
Generating example documentation...
Generating file sources...
Generating code for file NvStorage.c...
Generating code for file s32k358_tpm.c...
Generating code for file tpm_auth.c...
Generating code for file tpm_cmds.c...
Generating code for file tpm_crypt.c...
Generating code for file tpm_crypt.h...
Generating code for file tpm_drbg.c...
Generating code for file tpm_hierarchy.c...
Generating code for file tpm_load.c...
Generating code for file tpm_marshal.c...
Generating code for file tpm_marshal_tpm.c...
Generating code for file tpm_object.c...
Generating code for file tpm_state_machine.c...
Generating code for file tpm_support.c...
Generating code for file tpm_ticket.c...
Generating code for file tpm_util.c...
Generating code for file s32k358_tpm.h...
Generating code for file tpm2_spec_protocol.h...
Generating code for file tpm_create_primary.h...
Parsing code for file README.md...
Generating file documentation...
Generating docs for file NvStorage.c...
Generating caller graph for function NvInit
Generating caller graph for function NvRead
Generating caller graph for function NvWrite
Generating caller graph for function NvReadMaxCount
Generating call graph for function NvWriteNvListEnd
Generating caller graph for function NvWriteNvListEnd
Generating call graph for function NvGetEnd
Generating caller graph for function NvGetEnd
Generating call graph for function NvGetFreeBytes
Generating caller graph for function NvGetFreeBytes
Generating call graph for function NvAdd
Generating caller graph for function NvAdd
Generating call graph for function NvTestSpace
Generating caller graph for function NvTestSpace
Generating call graph for function NvFindHandle
Generating caller graph for function NvFindHandle
Generating call graph for function NvReadNvIndexInfo
Generating caller graph for function NvReadNvIndexInfo
Generating call graph for function NvGetIndexInfo
Generating caller graph for function NvGetIndexInfo
Generating caller graph for function MemoryRemoveTrailingZeros
Generating call graph for function NvDefineIndex
Generating caller graph for function NvDefineIndex
Generating call graph for function NvIndexIsDefined
Generating caller graph for function NvIndexIsDefined
Generating caller graph for function CryptHashGetDigestSize
Generating call graph for function NvDefineSpace
Generating caller graph for function NvDefineSpace
Generating call graph for function NvWriteNvIndexAttributes
Generating caller graph for function NvWriteNvIndexAttributes
Generating call graph for function NvWriteIndexData
Generating caller graph for function NvWriteIndexData
Generating caller graph for function NvWriteAccessChecks
Generating call graph for function NvGetIndexData
Generating caller graph for function NvGetIndexData
Generating caller graph for function NvReadAccessChecks
Generating docs for file s32k358_tpm.c...
Generating call graph for function s32k358_tpm_process_input
Generating caller graph for function s32k358_tpm_process_input
Generating call graph for function s32k358_tpm_write
Generating call graph for function s32k358_tpm_reset
Generating caller graph for function s32k358_tpm_reset
Generating call graph for function s32k358_tpm_realize
Generating caller graph for function s32k358_tpm_realize
Generating call graph for function s32k358_tpm_class_init
Generating docs for file tpm_auth.c...
Generating caller graph for function ParseAuthArea
Generating caller graph for function MarshalAuthResponse
Generating docs for file tpm_cmds.c...
Generating caller graph for function HandleGetType
Generating caller graph for function tpm_finalize_response
Generating call graph for function tpm_send_response
Generating caller graph for function tpm_send_response
Generating call graph for function TPM2_GetRandom
Generating caller graph for function TPM2_GetRandom
Generating call graph for function TPM2_NV_DefineSpace
Generating caller graph for function TPM2_NV_DefineSpace
Generating call graph for function TPM2_NV_Write
Generating caller graph for function TPM2_NV_Write
Generating call graph for function TPM2_NV_Read
Generating caller graph for function TPM2_NV_Read
Generating call graph for function TPM2_Sign
Generating caller graph for function TPM2_Sign
Generating call graph for function TPM2_VerifySignature
Generating caller graph for function TPM2_VerifySignature
Generating call graph for function TPM2_Hash
Generating caller graph for function TPM2_Hash
Generating call graph for function TPM2_EncryptDecrypt2
Generating caller graph for function TPM2_EncryptDecrypt2
Generating call graph for function TPM2_RSA_Encrypt
Generating caller graph for function TPM2_RSA_Encrypt
Generating call graph for function TPM2_RSA_Decrypt
Generating caller graph for function TPM2_RSA_Decrypt
Generating call graph for function TPM2_ReadPublic
Generating caller graph for function TPM2_ReadPublic
Generating call graph for function TPM2_CreatePrimary
Generating caller graph for function TPM2_CreatePrimary
Generating call graph for function TPM2_Create
Generating caller graph for function TPM2_Create
Generating docs for file tpm_crypt.c...
Generating caller graph for function CryptRandomGenerate
Generating caller graph for function Ch
Generating caller graph for function Maj
Generating caller graph for function bytes_to_word
Generating caller graph for function word_to_bytes
Generating call graph for function sha256_compress
Generating caller graph for function sha256_compress
Generating call graph for function SHA256_Calculate
Generating caller graph for function SHA256_Calculate
Generating call graph for function test_sha256_implementation
Generating caller graph for function test_sha256_implementation
Generating caller graph for function RSA_PSS_Pad
Generating caller graph for function RSA_Private_Encrypt
Generating call graph for function CryptSignRSA_PSS_SHA256
Generating caller graph for function CryptSignRSA_PSS_SHA256
Generating call graph for function CryptVerifySignatureRSA_PSS_SHA256
Generating caller graph for function CryptVerifySignatureRSA_PSS_SHA256
Generating caller graph for function AES_GFMul
Generating caller graph for function AES_SubBytes
Generating caller graph for function AES_InvSubBytes
Generating caller graph for function AES_ShiftRows
Generating caller graph for function AES_InvShiftRows
Generating call graph for function AES_MixColumns
Generating caller graph for function AES_MixColumns
Generating call graph for function AES_InvMixColumns
Generating caller graph for function AES_InvMixColumns
Generating caller graph for function AES_AddRoundKey
Generating caller graph for function AES_KeyExpansion
Generating call graph for function AES_EncryptBlock
Generating caller graph for function AES_EncryptBlock
Generating call graph for function AES_DecryptBlock
Generating caller graph for function AES_DecryptBlock
Generating call graph for function AES_CBC_Encrypt
Generating caller graph for function AES_CBC_Encrypt
Generating call graph for function AES_CBC_Decrypt
Generating caller graph for function AES_CBC_Decrypt
Generating call graph for function AES_CFB_Encrypt
Generating caller graph for function AES_CFB_Encrypt
Generating call graph for function AES_CFB_Decrypt
Generating caller graph for function AES_CFB_Decrypt
Generating call graph for function AES_OFB_Process
Generating caller graph for function AES_OFB_Process
Generating call graph for function AES_CTR_Process
Generating caller graph for function AES_CTR_Process
Generating call graph for function CryptEncrypt
Generating call graph for function CryptDecrypt
Generating call graph for function CryptRSAEncrypt
Generating caller graph for function CryptRSAEncrypt
Generating call graph for function CryptRSADecrypt
Generating caller graph for function CryptRSADecrypt
Generating caller graph for function PKCS7_Pad
Generating caller graph for function PKCS7_Unpad
Generating call graph for function TPM_AES_ECB_Encrypt
Generating caller graph for function TPM_AES_ECB_Encrypt
Generating call graph for function TPM_AES_ECB_Decrypt
Generating caller graph for function TPM_AES_ECB_Decrypt
Generating call graph for function TPM_AES_CBC_Encrypt
Generating caller graph for function TPM_AES_CBC_Encrypt
Generating call graph for function TPM_AES_CBC_Decrypt
Generating caller graph for function TPM_AES_CBC_Decrypt
Generating call graph for function TPM_AES_CFB_Encrypt
Generating caller graph for function TPM_AES_CFB_Encrypt
Generating call graph for function TPM_AES_CFB_Decrypt
Generating caller graph for function TPM_AES_CFB_Decrypt
Generating call graph for function TPM_AES_OFB_Process
Generating caller graph for function TPM_AES_OFB_Process
Generating call graph for function TPM_AES_CTR_Process
Generating caller graph for function TPM_AES_CTR_Process
Generating docs for file tpm_crypt.h...
Generating caller graph for function CryptRandomGenerate
Generating call graph for function SHA256_Calculate
Generating caller graph for function SHA256_Calculate
Generating call graph for function test_sha256_implementation
Generating caller graph for function test_sha256_implementation
Generating caller graph for function RSA_PSS_Pad
Generating caller graph for function RSA_Private_Encrypt
Generating call graph for function CryptSignRSA_PSS_SHA256
Generating caller graph for function CryptSignRSA_PSS_SHA256
Generating call graph for function CryptVerifySignatureRSA_PSS_SHA256
Generating caller graph for function CryptVerifySignatureRSA_PSS_SHA256
Generating call graph for function CryptRSAEncrypt
Generating caller graph for function CryptRSAEncrypt
Generating call graph for function CryptRSADecrypt
Generating caller graph for function CryptRSADecrypt
Generating call graph for function CryptEncrypt
Generating call graph for function CryptDecrypt
Generating call graph for function TPM_AES_ECB_Encrypt
Generating caller graph for function TPM_AES_ECB_Encrypt
Generating call graph for function TPM_AES_ECB_Decrypt
Generating caller graph for function TPM_AES_ECB_Decrypt
Generating call graph for function TPM_AES_CBC_Encrypt
Generating caller graph for function TPM_AES_CBC_Encrypt
Generating call graph for function TPM_AES_CBC_Decrypt
Generating caller graph for function TPM_AES_CBC_Decrypt
Generating call graph for function TPM_AES_CFB_Encrypt
Generating caller graph for function TPM_AES_CFB_Encrypt
Generating call graph for function TPM_AES_CFB_Decrypt
Generating caller graph for function TPM_AES_CFB_Decrypt
Generating call graph for function TPM_AES_OFB_Process
Generating caller graph for function TPM_AES_OFB_Process
Generating call graph for function TPM_AES_CTR_Process
Generating caller graph for function TPM_AES_CTR_Process
Generating caller graph for function PKCS7_Pad
Generating caller graph for function PKCS7_Unpad
Generating docs for file tpm_drbg.c...
Generating call graph for function DrbgDerivation
Generating caller graph for function DrbgDerivation
Generating call graph for function DRBG_InstantiateSeeded
Generating caller graph for function DRBG_InstantiateSeeded
Generating caller graph for function DRBG_Uninstantiate
Generating call graph for function DRBG_Generate
Generating caller graph for function DRBG_Generate
Generating docs for file tpm_hierarchy.c...
Generating caller graph for function tpm_hierarchy_set_state
Generating call graph for function HierarchyGetPrimarySeed
Generating caller graph for function HierarchyGetPrimarySeed
Generating caller graph for function HierarchyNormalizeHandle
Generating call graph for function EntityGetHierarchy
Generating caller graph for function EntityGetHierarchy
Generating docs for file tpm_load.c...
Generating call graph for function PrivateToSensitive
Generating caller graph for function PrivateToSensitive
Generating call graph for function SensitiveToPrivate
Generating caller graph for function SensitiveToPrivate
Generating call graph for function ObjectLoad
Generating caller graph for function ObjectLoad
Generating call graph for function TPM2_Load
Generating caller graph for function TPM2_Load
Generating docs for file tpm_marshal.c...
Generating caller graph for function marshal
Generating docs for file tpm_marshal_tpm.c...
Generating caller graph for function marshal_uint16
Generating caller graph for function marshal_uint32
Generating call graph for function marshal_uint16_buffer
Generating caller graph for function marshal_uint16_buffer
Generating call graph for function TPMT_PUBLIC_Marshal
Generating caller graph for function TPMT_PUBLIC_Marshal
Generating docs for file tpm_object.c...
Generating caller graph for function FindEmptyObjectSlot
Generating caller graph for function HandleToObject
Generating caller graph for function ObjectIsParent
Generating call graph for function ObjectSetLoadedAttributes
Generating caller graph for function ObjectSetLoadedAttributes
Generating caller graph for function CreateChecks
Generating caller graph for function AdjustAuthSize
Generating call graph for function PublicMarshalAndComputeName
Generating caller graph for function PublicMarshalAndComputeName
Generating call graph for function FillInCreationData
Generating caller graph for function FillInCreationData
Generating call graph for function CryptCreateObject
Generating caller graph for function CryptCreateObject
Generating docs for file tpm_state_machine.c...
Generating caller graph for function tpm_startup_clear_value
Generating caller graph for function tpm_permanent_value
Generating caller graph for function tpm_modes_value
Generating caller graph for function tpm_state_machine_reset
Generating caller graph for function tpm_command_allowed_in_current_mode
Generating caller graph for function TPM2_Startup_SM
Generating caller graph for function TPM2_Shutdown_SM
Generating caller graph for function TPM2_SelfTest_SM
Generating caller graph for function TPM2_GetTestResult_SM
Generating call graph for function TPM2_GetCapability_SM
Generating caller graph for function TPM2_GetCapability_SM
Generating caller graph for function TPM2_FieldUpgradeStart_SM
Generating caller graph for function TPM2_FieldUpgradeData_SM
Generating docs for file tpm_support.c...
Generating docs for file tpm_ticket.c...
Generating call graph for function hmac_sha256
Generating caller graph for function hmac_sha256
Generating call graph for function TicketComputeCreation
Generating caller graph for function TicketComputeCreation
Generating docs for file tpm_util.c...
Generating caller graph for function MemorySet
Generating caller graph for function RcSafeAddToResult
Generating docs for file s32k358_tpm.h...
Generating caller graph for function tpm_finalize_response
Generating call graph for function tpm_send_response
Generating caller graph for function tpm_send_response
Generating call graph for function tpm_send_error_response
Generating caller graph for function tpm_send_error_response
Generating docs for file tpm2_spec_protocol.h...
Generating caller graph for function marshal
Generating call graph for function NvGetIndexInfo
Generating caller graph for function NvGetIndexInfo
Generating caller graph for function NvWriteAccessChecks
Generating call graph for function NvWriteIndexData
Generating caller graph for function NvWriteIndexData
Generating caller graph for function NvReadAccessChecks
Generating call graph for function NvGetIndexData
Generating caller graph for function NvGetIndexData
Generating call graph for function NvDefineSpace
Generating caller graph for function NvDefineSpace
Generating caller graph for function NvInit
Generating caller graph for function tpm_state_machine_reset
Generating caller graph for function tpm_command_allowed_in_current_mode
Generating caller graph for function TPM2_Startup_SM
Generating caller graph for function TPM2_Shutdown_SM
Generating caller graph for function TPM2_SelfTest_SM
Generating caller graph for function TPM2_GetTestResult_SM
Generating call graph for function TPM2_GetCapability_SM
Generating caller graph for function TPM2_GetCapability_SM
Generating caller graph for function TPM2_FieldUpgradeStart_SM
Generating caller graph for function TPM2_FieldUpgradeData_SM
Generating call graph for function TPM2_GetRandom
Generating caller graph for function TPM2_GetRandom
Generating call graph for function TPM2_Sign
Generating caller graph for function TPM2_Sign
Generating call graph for function TPM2_VerifySignature
Generating caller graph for function TPM2_VerifySignature
Generating call graph for function TPM2_Hash
Generating caller graph for function TPM2_Hash
Generating call graph for function TPM2_EncryptDecrypt2
Generating caller graph for function TPM2_EncryptDecrypt2
Generating call graph for function TPM2_RSA_Encrypt
Generating caller graph for function TPM2_RSA_Encrypt
Generating call graph for function TPM2_RSA_Decrypt
Generating caller graph for function TPM2_RSA_Decrypt
Generating call graph for function TPM2_CreatePrimary
Generating caller graph for function TPM2_CreatePrimary
Generating call graph for function TPM2_Create
Generating caller graph for function TPM2_Create
Generating call graph for function TPM2_Load
Generating caller graph for function TPM2_Load
Generating call graph for function TPM2_ReadPublic
Generating caller graph for function TPM2_ReadPublic
Generating call graph for function TPM2_NV_DefineSpace
Generating caller graph for function TPM2_NV_DefineSpace
Generating call graph for function TPM2_NV_Write
Generating caller graph for function TPM2_NV_Write
Generating call graph for function TPM2_NV_Read
Generating caller graph for function TPM2_NV_Read
Generating docs for file tpm_create_primary.h...
Generating caller graph for function MemorySet
Generating caller graph for function RcSafeAddToResult
Generating caller graph for function tpm_hierarchy_set_state
Generating call graph for function HierarchyGetPrimarySeed
Generating caller graph for function HierarchyGetPrimarySeed
Generating caller graph for function HierarchyNormalizeHandle
Generating call graph for function EntityGetHierarchy
Generating caller graph for function EntityGetHierarchy
Generating caller graph for function FindEmptyObjectSlot
Generating call graph for function ObjectSetLoadedAttributes
Generating caller graph for function ObjectSetLoadedAttributes
Generating caller graph for function CreateChecks
Generating caller graph for function AdjustAuthSize
Generating call graph for function PublicMarshalAndComputeName
Generating caller graph for function PublicMarshalAndComputeName
Generating call graph for function TPMT_PUBLIC_Marshal
Generating caller graph for function TPMT_PUBLIC_Marshal
Generating call graph for function FillInCreationData
Generating caller graph for function FillInCreationData
Generating call graph for function CryptCreateObject
Generating caller graph for function CryptCreateObject
Generating call graph for function DRBG_InstantiateSeeded
Generating caller graph for function DRBG_InstantiateSeeded
Generating caller graph for function DRBG_Uninstantiate
Generating call graph for function DRBG_Generate
Generating caller graph for function DRBG_Generate
Generating call graph for function TicketComputeCreation
Generating caller graph for function TicketComputeCreation
Generating caller graph for function HandleToObject
Generating caller graph for function ObjectIsParent
Generating call graph for function PrivateToSensitive
Generating caller graph for function PrivateToSensitive
Generating call graph for function SensitiveToPrivate
Generating caller graph for function SensitiveToPrivate
Generating call graph for function ObjectLoad
Generating caller graph for function ObjectLoad
Generating caller graph for function ParseAuthArea
Generating caller graph for function MarshalAuthResponse
Generating docs for file README.md...
Generating page documentation...
Generating group documentation...
Generating class documentation...
Generating docs for compound _TPM2B_PRIVATE_BUFFER...
Generating docs for compound _TPM2B_SENSITIVE_DATA_BUFFER...
Generating docs for compound Create_In...
Generating docs for compound Create_Out...
Generating docs for compound CreatePrimary_In...
Generating docs for compound CreatePrimary_Out...
Generating docs for compound DRBG_IV...
Generating docs for compound DRBG_KEY...
Generating docs for compound DRBG_SEED...
Generating docs for compound DRBG_STATE...
Generating docs for compound EncryptDecrypt2_In...
Generating docs for compound EncryptDecrypt2_Out...
Generating docs for compound FieldUpgradeData_In...
Generating docs for compound GetCapability_In...
Generating docs for compound GetCapability_Out...
Generating docs for compound GetRandom_In...
Generating docs for compound GetRandom_Out...
Generating docs for compound GetTestResult_Out...
Generating docs for compound Hash_In...
Generating docs for compound Hash_Out...
Generating docs for compound Load_In...
Generating docs for compound Load_Out...
Generating docs for compound NV_DefineSpace_In...
Generating docs for compound NV_ENTRY_HEADER...
Generating docs for compound NV_INDEX...
Generating docs for compound NV_Read_In...
Generating docs for compound NV_Read_Out...
Generating docs for compound NV_Write_In...
Generating docs for compound NvMemorySpace...
Generating docs for compound OBJECT...
Generating docs for compound OBJECT_ATTRIBUTES...
Generating docs for compound ReadPublic_In...
Generating docs for compound ReadPublic_Out...
Generating docs for compound RSA_Decrypt_In...
Generating docs for compound RSA_Decrypt_Out...
Generating docs for compound RSA_Encrypt_In...
Generating docs for compound RSA_Encrypt_Out...
Generating docs for compound S32k358TPMState...
Generating docs for compound SelfTest_In...
Generating docs for compound Shutdown_In...
Generating docs for compound Sign_In...
Generating docs for compound Sign_Out...
Generating docs for compound Startup_In...
Generating docs for compound state_clear_data...
Generating docs for compound TPM2B...
Generating docs for compound TPM2B_CREATION_DATA...
Generating docs for compound TPM2B_DATA...
Generating docs for compound TPM2B_DIGEST...
Generating docs for compound TPM2B_IV...
Generating docs for compound TPM2B_KEY...
Generating docs for compound TPM2B_LABEL...
Generating docs for compound TPM2B_MAX_BUFFER...
Generating docs for compound TPM2B_MAX_NV_BUFFER...
Generating docs for compound TPM2B_NAME...
Generating docs for compound TPM2B_NV_PUBLIC...
Generating docs for compound TPM2B_PRIVATE...
Generating docs for compound TPM2B_PRIVATE_KEY_RSA...
Generating docs for compound TPM2B_PUBLIC...
Generating docs for compound TPM2B_PUBLIC_KEY_RSA...
Generating docs for compound TPM2B_SEED...
Generating docs for compound TPM2B_SENSITIVE_CREATE...
Generating docs for compound TPM2B_SENSITIVE_DATA...
Generating docs for compound TPM2B_SIGNATURE...
Generating docs for compound tpm_cmd_header_t...
Generating docs for compound tpm_rsp_header_t...
Generating docs for compound TPMA_NV...
Generating docs for compound TPMA_OBJECT...
Generating docs for compound TPML_PCR_SELECTION...
Generating docs for compound TPMS_AUTH_COMMAND...
Generating docs for compound TPMS_AUTH_COMMAND_AREA...
Generating docs for compound TPMS_AUTH_RESPONSE...
Generating docs for compound TPMS_AUTH_RESPONSE_AREA...
Generating docs for compound TPMS_DERIVE...
Generating docs for compound TPMS_NV_PUBLIC...
Generating docs for compound TPMS_PCR_SELECTION...
Generating docs for compound TPMS_RSA_PARAMS...
Generating docs for compound TPMS_SCHEME_HASH...
Generating docs for compound TPMS_SENSITIVE_CREATE...
Generating docs for compound TPMT_HA...
Generating docs for compound TPMT_PUBLIC...
Generating docs for/home/tommasomontedoro/CS01/qemu/README.md:9: warning: unable to resolve reference to 'editing-this-readme' for \ref command
/home/tommasomontedoro/CS01/qemu/README.md:102: warning: Unexpected subsubsection command found inside section!
 compound TPMT_RSA_SCHEME...
Generating docs for compound TPMT_SENSITIVE...
Generating docs for compound TPMT_SIG_SCHEME...
Generating docs for compound TPMT_SIGNATURE...
Generating docs for compound TPMT_SYM_DEF_OBJECT...
Generating docs for compound TPMT_TK_HASHCHECK...
Generating docs for compound TPMU_ASYM_SCHEME...
Generating docs for compound TPMU_HA...
Generating docs for compound TPMU_NAME...
Generating docs for compound TPMU_PUBLIC_ID...
Generating docs for compound TPMU_PUBLIC_PARAMS...
Generating docs for compound TPMU_SENSITIVE_COMPOSITE...
Generating docs for compound TPMU_SENSITIVE_CREATE...
Generating docs for compound TPMU_SYM_KEY_BITS...
Generating docs for compound TPMU_SYM_MODE...
Generating docs for compound VerifySignature_In...
Generating docs for compound VerifySignature_Out...
Generating concept documentation...
Generating module documentation...
Generating namespace documentation...
Generating graph info page...
Generating directory documentation...
Generating dependency graph for directory hw
Generating dependency graph for directory hw
Generating dependency graph for directory misc
Generating dependency graph for directory misc
Generating index page...
Generating main page...
Generating page index...
Generating topic index...
Generating module index...
Generating module member index...
Generating namespace member index...
Generating concept index...
Generating annotated compound index...
Generating alphabetical compound index...
Generating hierarchical class index...
Generating graphical class hierarchy...
Generating member index...
Generating file index...
Generating file member index...
Generating example index...
finalizing index lists...
writing tag file...
Running plantuml with JAVA...
Running dot...
type lookup cache used 1924/65536 hits=16472 misses=2075
symbol lookup cache used 2646/65536 hits=8654 misses=2646
finished...
