Doxygen version used: 1.9.8
Searching for include files...
Searching for files in directory /home/tommasomontedoro/CS01/firmware/include
Searching for files in directory /home/tommasomontedoro/CS01/firmware/fakeinclude
Searching for example files...
Searching for images...
Searching for dot files...
Searching for msc files...
Searching for dia files...
Searching for files to exclude
Searching for files in directory /home/tommasomontedoro/CS01/firmware/fakeinclude
Searching INPUT for files to process...
Searching for files in directory /home/tommasomontedoro/CS01/firmware/include
Searching for files in directory /home/tommasomontedoro/CS01/firmware/src
Reading and parsing tag files
Parsing files
Preprocessing /home/tommasomontedoro/CS01/firmware/include/fifo8.h...
Parsing file /home/tommasomontedoro/CS01/firmware/include/fifo8.h...
Preprocessing /home/tommasomontedoro/CS01/firmware/include/sha256.h...
Parsing file /home/tommasomontedoro/CS01/firmware/include/sha256.h...
Preprocessing /home/tommasomontedoro/CS01/firmware/include/tpm2_spec_protocol.h...
Parsing file /home/tommasomontedoro/CS01/firmware/include/tpm2_spec_protocol.h...
Preprocessing /home/tommasomontedoro/CS01/firmware/include/tpm_assert.h...
Parsing file /home/tommasomontedoro/CS01/firmware/include/tpm_assert.h...
Preprocessing /home/tommasomontedoro/CS01/firmware/include/tpm_driver.h...
Parsing file /home/tommasomontedoro/CS01/firmware/include/tpm_driver.h...
Preprocessing /home/tommasomontedoro/CS01/firmware/include/tpm_marshal.h...
Parsing file /home/tommasomontedoro/CS01/firmware/include/tpm_marshal.h...
Preprocessing /home/tommasomontedoro/CS01/firmware/include/tpm_platform.h...
Parsing file /home/tommasomontedoro/CS01/firmware/include/tpm_platform.h...
Preprocessing /home/tommasomontedoro/CS01/firmware/include/tpm_tests_config.h...
Parsing file /home/tommasomontedoro/CS01/firmware/include/tpm_tests_config.h...
Preprocessing /home/tommasomontedoro/CS01/firmware/src/fifo8.c...
Parsing file /home/tommasomontedoro/CS01/firmware/src/fifo8.c...
Preprocessing /home/tommasomontedoro/CS01/firmware/src/main.c...
Parsing file /home/tommasomontedoro/CS01/firmware/src/main.c...
Preprocessing /home/tommasomontedoro/CS01/firmware/src/sha256.c...
Parsing file /home/tommasomontedoro/CS01/firmware/src/sha256.c...
Preprocessing /home/tommasomontedoro/CS01/firmware/src/tpm_assert.c...
Parsing file /home/tommasomontedoro/CS01/firmware/src/tpm_assert.c...
Preprocessing /home/tommasomontedoro/CS01/firmware/src/tpm_driver.c...
Parsing file /home/tommasomontedoro/CS01/firmware/src/tpm_driver.c...
Preprocessing /home/tommasomontedoro/CS01/firmware/src/tpm_marshal.c...
Parsing file /home/tommasomontedoro/CS01/firmware/src/tpm_marshal.c...
Preprocessing /home/tommasomontedoro/CS01/firmware/src/tpm_test_keymgmt.c...
Parsing file /home/tommasomontedoro/CS01/firmware/src/tpm_test_keymgmt.c...
Preprocessing /home/tommasomontedoro/CS01/firmware/src/tpm_test_smoke.c...
Parsing file /home/tommasomontedoro/CS01/firmware/src/tpm_test_smoke.c...
Reading /home/tommasomontedoro/CS01/firmware/README.md...
Building macro definition list...
Building group list...
Building directory list...
Building namespace list...
Building file list...
Building class list...
Building concept list...
Computing nesting relations for classes...
Associating documentation with classes...
Associating documentation with concepts...
Associating documentation with modules...
Building example list...
Searching for enumerations...
Searching for documented typedefs...
Searching for members imported via using declarations...
Searching for included using directives...
Searching for documented variables...
Building interface member list...
Building member list...
Searching for friends...
Searching for documented defines...
Computing class inheritance relations...
Computing class usage relations...
Flushing cached template relations that have become invalid...
Computing class relations...
Add enum values to enums...
Searching for member function documentation...
Creating members for template instances...
Building page list../home/tommasomontedoro/CS01/firmware/include/tpm2_spec_protocol.h:1057: warning: unable to resolve reference to 'tpm_state_machine.c' for \ref command
.
Search for main page...
Computing page relations...
Determining the scope of groups...
Computing module relations...
Sorting lists...
Determining which enums are documented
Computing member relations...
Building full member lists recursively...
Adding members to member groups.
Computing member references...
Inheriting documentation...
Generating disk names...
Adding source references...
Adding xrefitems...
Sorting member lists...
Setting anonymous enum type...
Computing dependencies between directories...
Generating citations page...
Counting members...
Counting data structures...
Resolving user defined references...
Finding anchors and sections in the documentation...
Transferring function references...
Combining using relations...
Adding members to index pages...
Correcting members for VHDL...
Computing tooltip texts...
Generating style sheet...
Generating search indices...
Generating example documentation...
Generating file sources...
Generating code for file fifo8.h...
Generating code for file sha256.h...
Generating code for file tpm2_spec_protocol.h...
Generating code for file tpm_assert.h...
Generating code for file tpm_driver.h...
Generating code for file tpm_marshal.h...
Generating code for file tpm_platform.h...
Generating code for file tpm_tests_config.h...
Parsing code for file README.md...
Generating code for file fifo8.c...
Generating code for file main.c...
Generating code for file sha256.c...
Generating code for file tpm_assert.c...
Generating code for file tpm_driver.c...
Generating code for file tpm_marshal.c...
Generating code for file tpm_test_keymgmt.c...
Generating code for file tpm_test_smoke.c...
Generating file documentation...
Generating docs for file fifo8.h...
Generating call graph for function fifo8_create
Generating call graph for function fifo8_push
Generating call graph for function fifo8_push_all
Generating call graph for function fifo8_pop
Generating call graph for function fifo8_peek
Generating call graph for function fifo8_pop_buf
Generating caller graph for function fifo8_pop_buf
Generating call graph for function fifo8_peek_buf
Generating call graph for function fifo8_pop_bufptr
Generating call graph for function fifo8_peek_bufptr
Generating call graph for function fifo8_drop
Generating caller graph for function fifo8_reset
Generating caller graph for function fifo8_num_used
Generating docs for file sha256.h...
Generating caller graph for function SHA256_Init
Generating caller graph for function SHA256_Update
Generating caller graph for function SHA256_Final
Generating docs for file tpm2_spec_protocol.h...
Generating caller graph for function TPM2_GetRandom
Generating caller graph for function TPM2_Sign
Generating caller graph for function TPM2_VerifySignature
Generating caller graph for function TPM2_Hash
Generating caller graph for function TPM2_EncryptDecrypt2
Generating caller graph for function TPM2_RSA_Encrypt
Generating caller graph for function TPM2_RSA_Decrypt
Generating caller graph for function TPM2_CreatePrimary
Generating caller graph for function TPM2_Create
Generating caller graph for function TPM2_Load
Generating caller graph for function TPM2_ReadPublic
Generating docs for file tpm_assert.h...
Generating caller graph for function string_from_TPM_RC
Generating caller graph for function assert
Generating caller graph for function assert_report
Generating docs for file tpm_driver.h...
Generating caller graph for function tpm_send_rdy
Generating caller graph for function tpm_receive_rdy
Generating call graph for function tpm_send
Generating caller graph for function tpm_send
Generating call graph for function tpm_receive
Generating caller graph for function tpm_receive
Generating caller graph for function tpm_wait_access
Generating caller graph for function tpm_command_ready
Generating caller graph for function tpm_go
Generating caller graph for function tpm_min_size
Generating call graph for function tpm_drain_bytes
Generating caller graph for function tpm_drain_bytes
Generating call graph for function tpm_send_raw_command
Generating caller graph for function tpm_send_raw_command
Generating call graph for function tpm_send_raw_command_bad_size
Generating caller graph for function tpm_send_raw_command_bad_size
Generating call graph for function tpm_send_auth_area
Generating caller graph for function tpm_send_auth_area
Generating call graph for function skip_auth_response_area
Generating caller graph for function skip_auth_response_area
Generating caller graph for function TPM2_Startup
Generating caller graph for function TPM2_Shutdown
Generating caller graph for function TPM2_SelfTest
Generating caller graph for function TPM2_GetCapability
Generating caller graph for function TPM2_GetTestResult
Generating docs for file tpm_marshal.h...
Generating call graph for function TPMT_PUBLIC_Marshal
Generating caller graph for function TPMT_PUBLIC_Marshal
Generating docs for file tpm_platform.h...
Generating docs for file tpm_tests_config.h...
Generating docs for file README.md...
Generating docs for file fifo8.c...
Generating caller graph for function fifo8_reset
Generating call graph for function fifo8_create
Generating call graph for function fifo8_push
Generating call graph for function fifo8_push_all
Generating call graph for function fifo8_pop
Generating call graph for function fifo8_peek
Generating call graph for function fifo8_peekpop_bufptr
Generating caller graph for function fifo8_peekpop_bufptr
Generating call graph for function fifo8_peek_bufptr
Generating call graph for function fifo8_pop_bufptr
Generating call graph for function fifo8_peekpop_buf
Generating caller graph for function fifo8_peekpop_buf
Generating call graph for function fifo8_pop_buf
Generating caller graph for function fifo8_pop_buf
Generating call graph for function fifo8_peek_buf
Generating call graph for function fifo8_drop
Generating caller graph for function fifo8_num_used
Generating docs for file main.c...
Generating call graph for function TPM2_Transport_negative_tests
Generating caller graph for function TPM2_Transport_negative_tests
Generating call graph for function TPM2_StateMachine_startup_test
Generating caller graph for function TPM2_StateMachine_startup_test
Generating call graph for function TPM2_StateMachine_shutdown_test
Generating caller graph for function TPM2_StateMachine_shutdown_test
Generating call graph for function TPM2_Hash_smoke_test
Generating caller graph for function TPM2_Hash_smoke_test
Generating call graph for function TPM2_Error_handling_tests
Generating caller graph for function TPM2_Error_handling_tests
Generating call graph for function TPM2_Sign_smoke_test
Generating caller graph for function TPM2_Sign_smoke_test
Generating call graph for function TPM2_VerifySignature_smoke_test
Generating caller graph for function TPM2_VerifySignature_smoke_test
Generating call graph for function TPM2_EncryptDecrypt2_smoke_test
Generating caller graph for function TPM2_EncryptDecrypt2_smoke_test
Generating call graph for function TPM2_RSA_EncryptDecrypt_smoke_test
Generating caller graph for function TPM2_RSA_EncryptDecrypt_smoke_test
Generating call graph for function TPM2_KeyManagement_test_suite
Generating caller graph for function TPM2_KeyManagement_test_suite
Generating call graph for function tpm_test
Generating caller graph for function tpm_test
Generating call graph for function main
Generating docs for file sha256.c...
Generating caller graph for function sha256_transform
Generating caller graph for function SHA256_Init
Generating call graph for function SHA256_Update
Generating call graph for function SHA256_Final
Generating docs for file tpm_assert.c...
Generating caller graph for function string_from_TPM_RC
Generating caller graph for function assert
Generating caller graph for function assert_report
Generating docs for file tpm_driver.c...
Generating caller graph for function tpm_send_rdy
Generating caller graph for function tpm_receive_rdy
Generating call graph for function tpm_send
Generating caller graph for function tpm_send
Generating call graph for function tpm_receive
Generating caller graph for function tpm_receive
Generating caller graph for function tpm_wait_access
Generating caller graph for function tpm_command_ready
Generating caller graph for function tpm_go
Generating caller graph for function tpm_min_size
Generating call graph for function tpm_drain_bytes
Generating caller graph for function tpm_drain_bytes
Generating call graph for function tpm_send_raw_command
Generating caller graph for function tpm_send_raw_command
Generating call graph for function tpm_send_raw_command_bad_size
Generating caller graph for function tpm_send_raw_command_bad_size
Generating call graph for function tpm_send_auth_area
Generating caller graph for function tpm_send_auth_area
Generating call graph for function skip_auth_response_area
Generating caller graph for function skip_auth_response_area
Generating caller graph for function TPM2_GetRandom
Generating caller graph for function TPM2_Startup
Generating caller graph for function TPM2_Shutdown
Generating caller graph for function TPM2_SelfTest
Generating caller graph for function TPM2_GetCapability
Generating caller graph for function TPM2_GetTestResult
Generating caller graph for function TPM2_Sign
Generating caller graph for function TPM2_VerifySignature
Generating caller graph for function TPM2_Hash
Generating caller graph for function TPM2_EncryptDecrypt2
Generating caller graph for function TPM2_RSA_Encrypt
Generating caller graph for function TPM2_RSA_Decrypt
Generating caller graph for function TPM2_CreatePrimary
Generating caller graph for function TPM2_Create
Generating caller graph for function TPM2_Load
Generating caller graph for function TPM2_ReadPublic
Generating docs for file tpm_marshal.c...
Generating caller graph for function marshal_uint16
Generating caller graph for function marshal_uint32
Generating call graph for function marshal_uint16_buffer
Generating caller graph for function marshal_uint16_buffer
Generating call graph for function TPMT_PUBLIC_Marshal
Generating caller graph for function TPMT_PUBLIC_Marshal
Generating docs for file tpm_test_keymgmt.c...
Generating call graph for function TPM2_CreatePrimary_test
Generating caller graph for function TPM2_CreatePrimary_test
Generating call graph for function TPM2_CreatePrimary_with_sessions_test
Generating caller graph for function TPM2_CreatePrimary_with_sessions_test
Generating call graph for function TPM2_Create_test
Generating caller graph for function TPM2_Create_test
Generating call graph for function TPM2_Load_test
Generating caller graph for function TPM2_Load_test
Generating call graph for function TPM2_Load_negative_tests
Generating caller graph for function TPM2_Load_negative_tests
Generating call graph for function TPM2_ReadPublic_test
Generating caller graph for function TPM2_ReadPublic_test
Generating call graph for function TPM2_CreatePrimary_template_match_test
Generating caller graph for function TPM2_CreatePrimary_template_match_test
Generating call graph for function TPM2_Create_negative_tests
Generating caller graph for function TPM2_Create_negative_tests
Generating call graph for function TPM2_Load_private_integrity_test
Generating caller graph for function TPM2_Load_private_integrity_test
Generating call graph for function TPM2_Sign_integration_tests
Generating caller graph for function TPM2_Sign_integration_tests
Generating call graph for function TPM2_Workflow_integration_tests
Generating caller graph for function TPM2_Workflow_integration_tests
Generating call graph for function TPM2_Data_size_tests
Generating caller graph for function TPM2_Data_size_tests
Generating call graph for function TPM2_KeyManagement_test_suite
Generating caller graph for function TPM2_KeyManagement_test_suite
Generating docs for file tpm_test_smoke.c...
Generating call graph for function TPM2_StateMachine_startup_test
Generating caller graph for function TPM2_StateMachine_startup_test
Generating call graph for function TPM2_StateMachine_shutdown_test
Generating caller graph for function TPM2_StateMachine_shutdown_test
Generating call graph for function TPM2_Transport_negative_tests
Generating caller graph for function TPM2_Transport_negative_tests
Generating call graph for function TPM2_Hash_smoke_test
Generating caller graph for function TPM2_Hash_smoke_test
Generating call graph for function TPM2_Sign_smoke_test
Generating caller graph for function TPM2_Sign_smoke_test
Generating call graph for function TPM2_VerifySignature_smoke_test
Generating caller graph for function TPM2_VerifySignature_smoke_test
Generating call graph for function TPM2_EncryptDecrypt2_smoke_test
Generating caller graph for function TPM2_EncryptDecrypt2_smoke_test
Generating call graph for function TPM2_RSA_EncryptDecrypt_smoke_test
Generating caller graph for function TPM2_RSA_EncryptDecrypt_smoke_test
Generating call graph for function TPM2_Error_handling_tests
Generating caller graph for function TPM2_Error_handling_tests
Generating page documentation...
Generating group documentation...
Generating class documentation...
Generating docs for compound _TPM2B_PRIVATE_BUFFER...
Generating docs for compound _TPM2B_SENSITIVE_DATA_BUFFER...
Generating docs for compound Create_In...
Generating docs for compound Create_Out...
Generating docs for compound CreatePrimary_In...
Generating docs for compound CreatePrimary_Out...
Generating docs for compound DRBG_IV...
Generating docs for compound DRBG_KEY...
Generating docs for compound DRBG_SEED...
Generating docs for compound DRBG_STATE...
Generating docs for compound EncryptDecrypt2_In...
Generating docs for compound EncryptDecrypt2_Out...
Generating docs for compound FieldUpgradeData_In...
Generating docs for compound Fifo8...
Generating docs for compound GetCapability_In...
Generating docs for compound GetCapability_Out...
Generating docs for compound GetRandom_In...
Generating docs for compound GetRandom_Out...
Generating docs for compound GetTestResult_Out...
Generating docs for compound Hash_In...
Generating docs for compound Hash_Out...
Generating docs for compound Load_In...
Generating docs for compound Load_Out...
Generating docs for compound NV_DefineSpace_In...
Generating docs for compound NV_ENTRY_HEADER...
Generating docs for compound NV_INDEX...
Generating docs for compound NV_Read_In...
Generating docs for compound NV_Read_Out...
Generating docs for compound NV_Write_In...
Generating docs for compound OBJECT...
Generating docs for compound OBJECT_ATTRIBUTES...
Generating docs for compound ReadPublic_In...
Generating docs for compound ReadPublic_Out...
Generating docs for compound RSA_Decrypt_In...
Generating docs for compound RSA_Decrypt_Out...
Generating docs for compound RSA_Encrypt_In...
Generating docs for compound RSA_Encrypt_Out...
Generating docs for compound SelfTest_In...
Generating docs for compound SHA256_CTX...
Generating docs for compound Shutdown_In...
Generating docs for compound Sign_In...
Generating docs for compound Sign_Out...
Generating docs for compound Startup_In...
Generating docs for compound state_clear_data...
Generating docs for compound TPM2B...
Generating docs for compound TPM2B_CREATION_DATA...
Generating docs for compound TPM2B_DATA...
Generating docs for compound TPM2B_DIGEST...
Generating docs for compound TPM2B_IV...
Generating docs for compound TPM2B_KEY...
Generating docs for compound TPM2B_LABEL...
Generating docs for compound TPM2B_MAX_BUFFER...
Generating docs for compound TPM2B_MAX_NV_BUFFER...
Generating docs for compound TPM2B_NAME...
Generating docs for compound TPM2B_NV_PUBLIC...
Generating docs for compound TPM2B_PRIVATE...
Generating docs for compound TPM2B_PRIVATE_KEY_RSA...
Generating docs for compound TPM2B_PUBLIC...
Generating docs for compound TPM2B_PUBLIC_KEY_RSA...
Generating docs for compound TPM2B_SEED...
Generating docs for compound TPM2B_SENSITIVE_CREATE...
Generating docs for compound TPM2B_SENSITIVE_DATA...
Generating docs for compound TPM2B_SIGNATURE...
Generating docs for compound tpm_cmd_header_t...
Generating docs for compound tpm_rsp_header_t...
Generating docs for compound TPMA_NV...
Generating docs for compound TPMA_OBJECT...
Generating docs for compound TPML_PCR_SELECTION...
Generating docs for compound TPMS_AUTH_COMMAND...
Generating docs for compound TPMS_AUTH_COMMAND_AREA...
Generating docs for compound TPMS_AUTH_RESPONSE...
Generating docs for compound TPMS_AUTH_RESPONSE_AREA...
Generating docs for compound TPMS_DERIVE...
Generating docs for compound TPMS_NV_PUBLIC...
Generating docs for compound TPMS_PCR_SELECTION...
Generating docs for compound TPMS_RSA_PARAMS...
Generating docs for compound TPMS_SCHEME_HASH...
Generating docs for compound TPMS_SENSITIVE_CREATE...
Generating docs for compound TPMT_HA...
Generating docs for compound TPMT_PUBLIC...
Generating docs for compound TPMT_RSA_SCHEME...
Generating docs for compound TPMT_SENSITIVE...
Generating docs for compound TPMT_SIG_SCHEME...
Generating docs for compound TPMT_SIGNATURE...
Generating docs for compound TPMT_SYM_DEF_OBJECT...
Generating docs for compound TPMT_TK_HASHCHECK...
Generating docs for compound TPMU_ASYM_SCHEME...
Generating docs for compound TPMU_HA...
Generating docs for compound TPMU_NAME...
Generating docs for compound TPMU_PUBLIC_ID...
Generating docs for compound TPMU_PUBLIC_PARAMS...
Generating docs for compound TPMU_SENSITIVE_COMPOSITE...
Generating docs for compound TPMU_SENSITIVE_CREATE...
Generating docs for compound TPMU_SYM_KEY_BITS...
Generating docs for compound TPMU_SYM_MODE...
Generating docs for compound VerifySignature_In...
Generating docs for compound VerifySignature_Out...
Generating concept documentation...
Generating module documentation...
Generating namespace documentation...
Generating graph info page...
Generating directory documentation...
Generating dependency graph for directory src
Generating index page...
Generating main page...
Generating page index...
Generating topic index...
Generating module index...
Generating module member index...
Generating namespace member index...
Generating concept index...
Generating annotated compound index...
Generating alphabetical compound index...
Generating hierarchical class index...
Generating graphical class hierarchy...
Generating member index...
Generating file index...
Generating file member index...
Generating example index...
finalizing index lists...
writing tag file...
Running plantuml with JAVA...
Running dot...
Generating dot graphs using 9 parallel threads...
Running dot for graph 1/118
Running dot for graph 2/118
Running dot for graph 3/118
Running dot for graph 4/118
Running dot for graph 5/118
Running dot for graph 6/118
Running dot for graph 7/118
Running dot for graph 8/118
Running dot for graph 9/118
Running dot for graph 10/118
Running dot for graph 11/118
Running dot for graph 12/118
Running dot for graph 13/118
Running dot for graph 14/118
Running dot for graph 15/118
Running dot for graph 16/118
Running dot for graph 17/118
Running dot for graph 18/118
Running dot for graph 19/118
Running dot for graph 20/118
Running dot for graph 21/118
Running dot for graph 22/118
Running dot for graph 23/118
Running dot for graph 24/118
Running dot for graph 25/118
Running dot for graph 26/118
Running dot for graph 27/118
Running dot for graph 28/118
Running dot for graph 29/118
Running dot for graph 30/118
Running dot for graph 31/118
Running dot for graph 32/118
Running dot for graph 33/118
Running dot for graph 34/118
Running dot for graph 35/118
Running dot for graph 36/118
Running dot for graph 37/118
Running dot for graph 38/118
Running dot for graph 39/118
Running dot for graph 40/118
Running dot for graph 41/118
Running dot for graph 42/118
Running dot for graph 43/118
Running dot for graph 44/118
Running dot for graph 45/118
Running dot for graph 46/118
Running dot for graph 47/118
Running dot for graph 48/118
Running dot for graph 49/118
Running dot for graph 50/118
Running dot for graph 51/118
Running dot for graph 52/118
Running dot for graph 53/118
Running dot for graph 54/118
Running dot for graph 55/118
Running dot for graph 56/118
Running dot for graph 57/118
Running dot for graph 58/118
Running dot for graph 59/118
Running dot for graph 60/118
Running dot for graph 61/118
Running dot for graph 62/118
Running dot for graph 63/118
Running dot for graph 64/118
Running dot for graph 65/118
Running dot for graph 66/118
Running dot for graph 67/118
Running dot for graph 68/118
Running dot for graph 69/118
Running dot for graph 70/118
Running dot for graph 71/118
Running dot for graph 72/118
Running dot for graph 73/118
Running dot for graph 74/118
Running dot for graph 75/118
Running dot for graph 76/118
Running dot for graph 77/118
Running dot for graph 78/118
Running dot for graph 79/118
Running dot for graph 80/118
Running dot for graph 81/118
Running dot for graph 82/118
Running dot for graph 83/118
Running dot for graph 84/118
Running dot for graph 85/118
Running dot for graph 86/118
Running dot for graph 87/118
Running dot for graph 88/118
Running dot for graph 89/118
Running dot for graph 90/118
Running dot for graph 91/118
Running dot for graph 92/118
Running dot for graph 93/118
Running dot for graph 94/118
Running dot for graph 95/118
Running dot for graph 96/118
Running dot for graph 97/118
Running dot for graph 98/118
Running dot for graph 99/118
Running dot for graph 100/118
Running dot for graph 101/118
Running dot for graph 102/118
Running dot for graph 103/118
Running dot for graph 104/118
Running dot for graph 105/118
Running dot for graph 106/118
Running dot for graph 107/118
Running dot for graph 108/118
Running dot for graph 109/118
Running dot for graph 110/118
Running dot for graph 111/118
Running dot for graph 112/118
Running dot for graph 113/118
Running dot for graph 114/118
Running dot for graph 115/118
Running dot for graph 116/118
Running dot for graph 117/118
Running dot for graph 118/118
Patching output file 1/67
Patching output file 2/67
Patching output file 3/67
Patching output file 4/67
Patching output file 5/67
Patching output file 6/67
Patching output file 7/67
Patching output file 8/67
Patching output file 9/67
Patching output file 10/67
Patching output file 11/67
Patching output file 12/67
Patching output file 13/67
Patching output file 14/67
Patching output file 15/67
Patching output file 16/67
Patching output file 17/67
Patching output file 18/67
Patching output file 19/67
Patching output file 20/67
Patching output file 21/67
Patching output file 22/67
Patching output file 23/67
Patching output file 24/67
Patching output file 25/67
Patching output file 26/67
Patching output file 27/67
Patching output file 28/67
Patching output file 29/67
Patching output file 30/67
Patching output file 31/67
Patching output file 32/67
Patching output file 33/67
Patching output file 34/67
Patching output file 35/67
Patching output file 36/67
Patching output file 37/67
Patching output file 38/67
Patching output file 39/67
Patching output file 40/67
Patching output file 41/67
Patching output file 42/67
Patching output file 43/67
Patching output file 44/67
Patching output file 45/67
Patching output file 46/67
Patching output file 47/67
Patching output file 48/67
Patching output file 49/67
Patching output file 50/67
Patching output file 51/67
Patching output file 52/67
Patching output file 53/67
Patching output file 54/67
Patching output file 55/67
Patching output file 56/67
Patching output file 57/67
Patching output file 58/67
Patching output file 59/67
Patching output file 60/67
Patching output file 61/67
Patching output file 62/67
Patching output file 63/67
Patching output file 64/67
Patching output file 65/67
Patching output file 66/67
Patching output file 67/67
type lookup cache used 1666/65536 hits=10276 misses=1790
symbol lookup cache used 1794/65536 hits=5492 misses=1794
finished...
